                :-) GROMACS - gmx mdrun, 2025.4-conda_forge (-:

Copyright 1991-2025 The GROMACS Authors.
GROMACS is free software; you can redistribute it and/or modify it
under the terms of the GNU Lesser General Public License
as published by the Free Software Foundation; either version 2.1
of the License, or (at your option) any later version.

                         Current GROMACS contributors:
       Mark Abraham           Andrey Alekseenko           Brian Andrews       
      Vladimir Basov              Paul Bauer                Hugh Bird         
      Eliane Briand               Ania Brown              Mahesh Doijade      
      Giacomo Fiorin          Stefan Fleischmann          Sergey Gorelov      
   Gilles Gouaillardet            Alan Gray              M. Eric Irrgang      
   Farzaneh Jalalypour         Petter Johansson          Carsten Kutzner      
    Grzegorz Łazarski         Justin A. Lemkul          Magnus Lundborg      
       Pascal Merz             Vedran Miletić            Dmitry Morozov      
     Lukas Müllender            Julien Nabet             Szilárd Páll      
 Andrea Pasquadibisceglie     Michele Pellegrino         Nicola Piasentin     
     Daniele Rapetti         Muhammad Umair Sadiq         Hubert Santuz       
      Roland Schulz             Michael Shirts           Tatiana Shugaeva     
     Alexey Shvetsov            Philip Turner            Alessandra Villa     
 Sebastian Wingbermühle  

                         Previous GROMACS contributors:
        Emile Apol             Rossen Apostolov           James Barnett       
  Herman J.C. Berendsen         Cathrine Bergh             Par Bjelkmar       
      Christian Blau          Viacheslav Bolnykh            Kevin Boyd        
    Aldert van Buuren          Carlo Camilloni           Rudi van Drunen      
      Anton Feenstra           Oliver Fleetwood            Vytas Gapsys       
       Gaurav Garg             Gerrit Groenhof            Bert de Groot       
      Anca Hamuraru           Vincent Hindriksen          Victor Holanda      
     Aleksei Iupinov              Joe Jordan            Christoph Junghans    
    Prashanth Kanduri        Dimitrios Karkoulis           Peter Kasson       
      Sebastian Kehl           Sebastian Keller             Jiri Kraus        
       Per Larsson              Viveca Lindahl            Erik Marklund       
    Pieter Meulenhoff           Teemu Murtola              Sander Pronk       
      Alfons Sijbers            Balint Soproni         David van der Spoel    
      Peter Tieleman            Carsten Uphoff             Jon Vincent        
     Teemu Virolainen         Christian Wennberg           Maarten Wolf       
      Artem Zhmurov       

                  Coordinated by the GROMACS project leaders:
                           Berk Hess and Erik Lindahl

GROMACS:      gmx mdrun, version 2025.4-conda_forge
Executable:   /home/lafayette/miniconda3/envs/MD/bin.AVX2_256/gmx
Data prefix:  /home/lafayette/miniconda3/envs/MD
Working dir:  /home/lafayette/Escritorio/PeptideCrowding/MD_LonePeptide
Process ID:   1489138
Command line:
  gmx -nobackup -nocopyright mdrun -o /home/lafayette/Escritorio/PeptideCrowding/MD_LonePeptide/sandbox_0e434519-edb0-49ef-bbf7-64fa4d22c525/peptide_npt.trr -s /home/lafayette/Escritorio/PeptideCrowding/MD_LonePeptide/sandbox_0e434519-edb0-49ef-bbf7-64fa4d22c525/peptide_gppnpt.tpr -c /home/lafayette/Escritorio/PeptideCrowding/MD_LonePeptide/sandbox_0e434519-edb0-49ef-bbf7-64fa4d22c525/peptide_npt.gro -e /home/lafayette/Escritorio/PeptideCrowding/MD_LonePeptide/sandbox_0e434519-edb0-49ef-bbf7-64fa4d22c525/peptide_npt.edr -g /home/lafayette/Escritorio/PeptideCrowding/MD_LonePeptide/sandbox_0e434519-edb0-49ef-bbf7-64fa4d22c525/peptide_npt.log -cpo /home/lafayette/Escritorio/PeptideCrowding/MD_LonePeptide/sandbox_0e434519-edb0-49ef-bbf7-64fa4d22c525/peptide_npt.cpt

GROMACS version:     2025.4-conda_forge
Precision:           mixed
Memory model:        64 bit
MPI library:         thread_mpi
OpenMP support:      enabled (GMX_OPENMP_MAX_THREADS = 128)
GPU support:         OpenCL
NBNxM GPU setup:     super-cluster 2x2x2 / cluster 8 (cluster-pair splitting on)
SIMD instructions:   AVX2_256
CPU FFT library:     fftw-3.3.11-sse2-avx
GPU FFT library:     clFFT
Multi-GPU FFT:       none
RDTSCP usage:        disabled
TNG support:         enabled
Hwloc support:       disabled
Tracing support:     disabled
C compiler:          /home/conda/feedstock_root/build_artifacts/gromacs_1764344590343/_build_env/bin/x86_64-conda-linux-gnu-cc GNU 14.3.0
C compiler flags:    -fexcess-precision=fast -funroll-all-loops -mavx2 -mfma -Wno-missing-field-initializers -O3 -DNDEBUG
C++ compiler:        /home/conda/feedstock_root/build_artifacts/gromacs_1764344590343/_build_env/bin/x86_64-conda-linux-gnu-c++ GNU 14.3.0
C++ compiler flags:  -fexcess-precision=fast -funroll-all-loops -mavx2 -mfma -Wno-missing-field-initializers -Wno-cast-function-type-strict SHELL:-fopenmp -O3 -DNDEBUG
BLAS library:        Internal
LAPACK library:      Internal
OpenCL include dir:  /home/lafayette/miniconda3/envs/MD/include
OpenCL library:      /home/lafayette/miniconda3/envs/MD/lib/libOpenCL.so
OpenCL version:      3.0


Running on 1 node with total 24 cores, 32 processing units (GPU detection failed: No valid OpenCL driver found)
Hardware detected on host step:
  CPU info:
    Vendor: Intel
    Brand:  Intel(R) Core(TM) i9-14900KF
    Family: 6   Model: 183   Stepping: 1
    Features: aes apic avx avx2 clfsh cmov cx8 cx16 f16c fma htt intel lahf mmx msr nonstop_tsc pcid pclmuldq pdcm pdpe1gb popcnt pse rdrnd rdtscp sha sse2 sse3 sse4.1 sse4.2 ssse3 tdt x2apic
  Hardware topology: Basic
    Packages, cores, and logical processors:
    [indices refer to OS logical processors]
      Package  0: [   0   1] [   2   3] [   4   5] [   6   7] [   8   9] [  10  11] [  12  13] [  14  15] [  16] [  17] [  18] [  19] [  20] [  21] [  22] [  23] [  24] [  25] [  26] [  27] [  28] [  29] [  30] [  31]
    CPU limit set by OS: -1   Recommended max number of threads: 32

The current CPU can measure timings more accurately than the code in
gmx mdrun was configured to use. This might affect your simulation
speed as accurate timings are needed for load-balancing.
Please consider rebuilding gmx mdrun with the GMX_USE_RDTSCP=ON CMake option.

++++ PLEASE READ AND CITE THE FOLLOWING REFERENCE ++++
M. J. Abraham, T. Murtola, R. Schulz, S. Páll, J. C. Smith, B. Hess, E.
Lindahl
GROMACS: High performance molecular simulations through multi-level
parallelism from laptops to supercomputers
SoftwareX (2015)
DOI: 10.1016/j.softx.2015.06.001
-------- -------- --- Thank You --- -------- --------


++++ PLEASE READ AND CITE THE FOLLOWING REFERENCE ++++
S. Páll, M. J. Abraham, C. Kutzner, B. Hess, E. Lindahl
Tackling Exascale Software Challenges in Molecular Dynamics Simulations with
GROMACS
In S. Markidis & E. Laure (Eds.), Solving Software Challenges for Exascale (2015)
DOI: 10.1007/978-3-319-15976-8_1
-------- -------- --- Thank You --- -------- --------


++++ PLEASE READ AND CITE THE FOLLOWING REFERENCE ++++
S. Pronk, S. Páll, R. Schulz, P. Larsson, P. Bjelkmar, R. Apostolov, M. R.
Shirts, J. C. Smith, P. M. Kasson, D. van der Spoel, B. Hess, E. Lindahl
GROMACS 4.5: a high-throughput and highly parallel open source molecular
simulation toolkit
Bioinformatics (2013)
DOI: 10.1093/bioinformatics/btt055
-------- -------- --- Thank You --- -------- --------


++++ PLEASE READ AND CITE THE FOLLOWING REFERENCE ++++
B. Hess, C. Kutzner, D. van der Spoel, E. Lindahl
GROMACS 4: Algorithms for highly efficient, load-balanced, and scalable
molecular simulation
J. Chem. Theory Comput. (2008)
DOI: 10.1021/ct700301q
-------- -------- --- Thank You --- -------- --------


++++ PLEASE READ AND CITE THE FOLLOWING REFERENCE ++++
D. van der Spoel, E. Lindahl, B. Hess, G. Groenhof, A. E. Mark, H. J. C.
Berendsen
GROMACS: Fast, Flexible and Free
J. Comp. Chem. (2005)
DOI: 10.1002/jcc.20291
-------- -------- --- Thank You --- -------- --------


++++ PLEASE READ AND CITE THE FOLLOWING REFERENCE ++++
E. Lindahl, B. Hess, D. van der Spoel
GROMACS 3.0: A package for molecular simulation and trajectory analysis
J. Mol. Mod. (2001)
DOI: 10.1007/s008940100045
-------- -------- --- Thank You --- -------- --------


++++ PLEASE READ AND CITE THE FOLLOWING REFERENCE ++++
H. J. C. Berendsen, D. van der Spoel and R. van Drunen
GROMACS: A message-passing parallel molecular dynamics implementation
Comp. Phys. Comm. (1995)
DOI: 10.1016/0010-4655(95)00042-E
-------- -------- --- Thank You --- -------- --------

Input Parameters:
   integrator                     = md
   tinit                          = 0
   dt                             = 0.002
   nsteps                         = 10000
   init-step                      = 0
   simulation-part                = 1
   mts                            = false
   mass-repartition-factor        = 1
   comm-mode                      = Linear
   nstcomm                        = 100
   bd-fric                        = 0
   ld-seed                        = -33751317
   emtol                          = 10
   emstep                         = 0.01
   niter                          = 20
   fcstep                         = 0
   nstcgsteep                     = 1000
   nbfgscorr                      = 10
   rtpi                           = 0.05
   nstxout                        = 500
   nstvout                        = 500
   nstfout                        = 0
   nstlog                         = 500
   nstcalcenergy                  = 100
   nstenergy                      = 500
   nstxout-compressed             = 1000
   compressed-x-precision         = 1000
   cutoff-scheme                  = Verlet
   nstlist                        = 10
   pbc                            = xyz
   periodic-molecules             = false
   verlet-buffer-tolerance        = 0.005
   verlet-buffer-pressure-tolerance = 0.5
   rlist                          = 1
   coulombtype                    = PME
   coulomb-modifier               = Potential-shift
   rcoulomb-switch                = 0
   rcoulomb                       = 1
   epsilon-r                      = 1
   epsilon-rf                     = inf
   vdw-type                       = Cut-off
   vdw-modifier                   = Potential-shift
   rvdw-switch                    = 0
   rvdw                           = 1
   DispCorr                       = EnerPres
   table-extension                = 1
   fourierspacing                 = 0.12
   fourier-nx                     = 32
   fourier-ny                     = 32
   fourier-nz                     = 32
   pme-order                      = 4
   ewald-rtol                     = 1e-05
   ewald-rtol-lj                  = 0.001
   lj-pme-comb-rule               = Geometric
   ewald-geometry                 = 3d
   epsilon-surface                = 0
   ensemble-temperature-setting   = constant
   ensemble-temperature           = 300
   tcoupl                         = V-rescale
   nsttcouple                     = 10
   nh-chain-length                = 0
   print-nose-hoover-chain-variables = false
   pcoupl                         = Parrinello-Rahman
   pcoupltype                     = Isotropic
   nstpcouple                     = 2
   tau-p                          = 1
   compressibility (3x3):
      compressibility[    0]={ 4.50000e-05,  0.00000e+00,  0.00000e+00}
      compressibility[    1]={ 0.00000e+00,  4.50000e-05,  0.00000e+00}
      compressibility[    2]={ 0.00000e+00,  0.00000e+00,  4.50000e-05}
   ref-p (3x3):
      ref-p[    0]={ 1.00000e+00,  0.00000e+00,  0.00000e+00}
      ref-p[    1]={ 0.00000e+00,  1.00000e+00,  0.00000e+00}
      ref-p[    2]={ 0.00000e+00,  0.00000e+00,  1.00000e+00}
   refcoord-scaling               = COM
   posres-com (1x3):
      posres-com[    0]={ 4.99841e-01,  5.02333e-01,  4.93458e-01}
   posres-comB (1x3):
      posres-comB[    0]={ 4.99841e-01,  5.02333e-01,  4.93458e-01}
   QMMM                           = false
qm-opts:
   ngQM                           = 0
   constraint-algorithm           = Lincs
   continuation                   = true
   Shake-SOR                      = false
   shake-tol                      = 0.0001
   lincs-order                    = 4
   lincs-iter                     = 1
   lincs-warnangle                = 30
   nwall                          = 0
   wall-type                      = 9-3
   wall-r-linpot                  = -1
   wall-atomtype[0]               = -1
   wall-atomtype[1]               = -1
   wall-density[0]                = 0
   wall-density[1]                = 0
   wall-ewald-zfac                = 3
   pull                           = false
   awh                            = false
   rotation                       = false
   interactiveMD                  = false
   disre                          = No
   disre-weighting                = Conservative
   disre-mixed                    = false
   dr-fc                          = 1000
   dr-tau                         = 0
   nstdisreout                    = 100
   orire-fc                       = 0
   orire-tau                      = 0
   nstorireout                    = 100
   free-energy                    = no
   cos-acceleration               = 0
   deform (3x3):
      deform[    0]={ 0.00000e+00,  0.00000e+00,  0.00000e+00}
      deform[    1]={ 0.00000e+00,  0.00000e+00,  0.00000e+00}
      deform[    2]={ 0.00000e+00,  0.00000e+00,  0.00000e+00}
   simulated-tempering            = false
   swapcoords                     = no
   userint1                       = 0
   userint2                       = 0
   userint3                       = 0
   userint4                       = 0
   userreal1                      = 0
   userreal2                      = 0
   userreal3                      = 0
   userreal4                      = 0
   applied-forces:
     electric-field:
       x:
         E0                       = 0
         omega                    = 0
         t0                       = 0
         sigma                    = 0
       y:
         E0                       = 0
         omega                    = 0
         t0                       = 0
         sigma                    = 0
       z:
         E0                       = 0
         omega                    = 0
         t0                       = 0
         sigma                    = 0
     density-guided-simulation:
       active                     = false
       group                      = protein
       similarity-measure         = inner-product
       atom-spreading-weight      = unity
       force-constant             = 1e+09
       gaussian-transform-spreading-width = 0.2
       gaussian-transform-spreading-range-in-multiples-of-width = 4
       reference-density-filename = reference.mrc
       nst                        = 1
       normalize-densities        = true
       adaptive-force-scaling     = false
       adaptive-force-scaling-time-constant = 4
       shift-vector               = 
       transformation-matrix      = 
     qmmm-cp2k:
       active                     = false
       qmgroup                    = System
       qmmethod                   = PBE
       qmfilenames                = 
       qmcharge                   = 0
       qmmultiplicity             = 1
     colvars:
       active                     = false
       configfile                 = 
       seed                       = -1
     nnpot:
       active                     = false
       modelfile                  = model.pt
       input-group                = System
       model-input1               = 
       model-input2               = 
       model-input3               = 
       model-input4               = 
grpopts:
   nrdf:     252.926     10005.1
   ref-t:         300         300
   tau-t:         0.1         0.1
annealing:          No          No
annealing-npoints:           0           0
   acc:	           0           0           0
   nfreeze:           N           N           N
   energygrp-flags[  0]: 0

Changing nstlist from 10 to 50, rlist from 1 to 1.114


Initializing Domain Decomposition on 32 ranks
Dynamic load balancing: auto
Using update groups, nr 1715, average size 3.0 atoms, max. radius 0.104 nm
Minimum cell size due to atom displacement: 0.383 nm
Initial maximum distances in bonded interactions:
    two-body bonded interactions: 0.404 nm, LJ-14, atoms 68 75
  multi-body bonded interactions: 0.404 nm, Proper Dih., atoms 75 68
Minimum cell size due to bonded interactions: 0.444 nm
Scaling the initial minimum size with 1/0.8 (option -dds) = 1.25
Guess for relative PME load: 0.22
Will use 24 particle-particle and 8 PME only ranks
This is a guess, check the performance at the end of the log file
Using 8 separate PME ranks, as guessed by mdrun
Optimizing the DD grid for 24 cells with a minimum initial size of 0.556 nm
The maximum allowed number of cells is: X 6 Y 6 Z 6
Domain decomposition grid 4 x 6 x 1, separate PME ranks 8
PME domain decomposition: 4 x 2 x 1
Interleaving PP and PME ranks
This rank does only particle-particle work.
Domain decomposition rank 0, coordinates 0 0 0

The initial number of communication pulses is: X 2 Y 3
The initial domain decomposition cell size is: X 0.96 nm Y 0.64 nm

The maximum allowed distance for atom groups involved in interactions is:
                 non-bonded interactions           1.322 nm
(the following are initial values, they could change due to box deformation)
            two-body bonded interactions  (-rdd)   1.322 nm
          multi-body bonded interactions  (-rdd)   0.640 nm

When dynamic load balancing gets turned on, these settings will change to:
The maximum number of communication pulses is: X 3 Y 3
The minimum size for domain decomposition cells is 0.512 nm
The requested allowed shrink of DD cells (option -dds) is: 0.80
The allowed shrink of domain decomposition cells is: X 0.53 Y 0.80
The maximum allowed distance for atom groups involved in interactions is:
                 non-bonded interactions           1.322 nm
            two-body bonded interactions  (-rdd)   1.322 nm
          multi-body bonded interactions  (-rdd)   0.512 nm

Local state does not use filler particles

Using 32 MPI threads
Using 1 OpenMP thread per tMPI thread

System total charge: -0.000
Will do PME sum in reciprocal space for electrostatic interactions.

++++ PLEASE READ AND CITE THE FOLLOWING REFERENCE ++++
U. Essmann, L. Perera, M. L. Berkowitz, T. Darden, H. Lee, L. G. Pedersen 
A smooth particle mesh Ewald method
J. Chem. Phys. (1995)
DOI: 10.1063/1.470117
-------- -------- --- Thank You --- -------- --------

Using a Gaussian width (1/beta) of 0.320163 nm for Ewald
Potential shift: LJ r^-12: -1.000e+00 r^-6: -1.000e+00, Ewald -1.000e-05
Initialized non-bonded Coulomb Ewald tables, spacing: 9.33e-04 size: 1073

Generated table with 1056 data points for 1-4 COUL.
Tabscale = 500 points/nm
Generated table with 1056 data points for 1-4 LJ6.
Tabscale = 500 points/nm
Generated table with 1056 data points for 1-4 LJ12.
Tabscale = 500 points/nm
Long Range LJ corr.: <C6> 2.9868e-04


Using SIMD4xM 4x8 nonbonded short-range kernels

Using a dual 4x8 pair-list setup updated with dynamic pruning:
  outer list: updated every 50 steps, buffer 0.114 nm, rlist 1.114 nm
  inner list: updated every 10 steps, buffer 0.000 nm, rlist 1.000 nm
At tolerance 0.005 kJ/mol/ps per atom, equivalent classical 1x1 list would be:
  outer list: updated every 50 steps, buffer 0.243 nm, rlist 1.243 nm
  inner list: updated every 10 steps, buffer 0.035 nm, rlist 1.035 nm

The average pressure is off by at most 0.33 bar due to missing LJ interactions

Using Lorentz-Berthelot Lennard-Jones combination rule

Linking all bonded interactions to atoms


Pinning threads with an auto-selected logical cpu stride of 1

Initializing LINear Constraint Solver

++++ PLEASE READ AND CITE THE FOLLOWING REFERENCE ++++
B. Hess, H. Bekker, H. J. C. Berendsen, J. G. E. M. Fraaije
LINCS: A Linear Constraint Solver for molecular simulations
J. Comp. Chem. (1997)
DOI: 10.1002/(sici)1096-987x(199709)18:12<1463::aid-jcc4>3.0.co;2-h
-------- -------- --- Thank You --- -------- --------

The number of constraints is 56

++++ PLEASE READ AND CITE THE FOLLOWING REFERENCE ++++
S. Miyamoto, P. A. Kollman
SETTLE: An Analytical Version of the SHAKE and RATTLE Algorithms for Rigid
Water Models
J. Comp. Chem. (1992)
DOI: 10.1002/jcc.540130805
-------- -------- --- Thank You --- -------- --------

Intra-simulation communication will occur every 2 steps.

++++ PLEASE READ AND CITE THE FOLLOWING REFERENCE ++++
G. Bussi, D. Donadio, M. Parrinello
Canonical sampling through velocity rescaling
J. Chem. Phys. (2007)
DOI: 10.1063/1.2408420
-------- -------- --- Thank You --- -------- --------

There are: 5107 Atoms
Atom distribution over 24 domains: av 212 stddev 23 min 183 max 233
Center of mass motion removal mode is Linear
We have the following groups for center of mass motion removal:
  0:  rest

Started mdrun on rank 0 Fri Jul 24 11:07:02 2026

           Step           Time
              0        0.00000

   Energies (kJ/mol)
           Bond          Angle    Proper Dih. Per. Imp. Dih.          LJ-14
    7.82031e+01    1.78493e+02    2.13297e+02    4.10737e+00    9.60880e+01
     Coulomb-14        LJ (SR)  Disper. corr.   Coulomb (SR)   Coul. recip.
    8.17780e+02    1.37904e+04   -5.75856e+02   -9.17606e+04    5.08981e+02
 Position Rest.      Potential    Kinetic En.   Total Energy  Conserved En.
    6.46153e-03   -7.66491e+04    1.25387e+04   -6.41104e+04   -6.41070e+04
    Temperature Pres. DC (bar) Pressure (bar)   Constr. rmsd
    2.94025e+02   -1.69199e+02   -1.96153e+03    1.85313e-06


DD  step 49 load imb.: force 29.0%  pme mesh/force 0.476

step 150 Turning on dynamic load balancing, because the performance loss due to load imbalance is 18.9 %.

DD  load balancing is limited by minimum cell size in dimension Y
DD  step 499  vol min/aver 0.708! load imb.: force  9.3%  pme mesh/force 0.560
           Step           Time
            500        1.00000

   Energies (kJ/mol)
           Bond          Angle    Proper Dih. Per. Imp. Dih.          LJ-14
    6.55494e+01    2.05613e+02    1.85266e+02    7.55663e+00    9.61311e+01
     Coulomb-14        LJ (SR)  Disper. corr.   Coulomb (SR)   Coul. recip.
    8.11746e+02    1.46692e+04   -6.24702e+02   -9.36693e+04    4.17155e+02
 Position Rest.      Potential    Kinetic En.   Total Energy  Conserved En.
    3.50743e+01   -7.78007e+04    1.26923e+04   -6.51084e+04   -6.41626e+04
    Temperature Pres. DC (bar) Pressure (bar)   Constr. rmsd
    2.97628e+02   -1.99080e+02   -5.73585e+02    1.85696e-06


DD  load balancing is limited by minimum cell size in dimension Y
DD  step 999  vol min/aver 0.704! load imb.: force  6.0%  pme mesh/force 0.530
           Step           Time
           1000        2.00000

   Energies (kJ/mol)
           Bond          Angle    Proper Dih. Per. Imp. Dih.          LJ-14
    5.57988e+01    2.17936e+02    1.86883e+02    7.65131e+00    1.00691e+02
     Coulomb-14        LJ (SR)  Disper. corr.   Coulomb (SR)   Coul. recip.
    8.16464e+02    1.49087e+04   -6.31079e+02   -9.39088e+04    4.27878e+02
 Position Rest.      Potential    Kinetic En.   Total Energy  Conserved En.
    2.91980e+01   -7.77886e+04    1.27025e+04   -6.50861e+04   -6.41654e+04
    Temperature Pres. DC (bar) Pressure (bar)   Constr. rmsd
    2.97867e+02   -2.03160e+02   -1.16066e+02    3.06095e-06


DD  step 1499  vol min/aver 0.693  load imb.: force  5.4%  pme mesh/force 0.539
           Step           Time
           1500        3.00000

   Energies (kJ/mol)
           Bond          Angle    Proper Dih. Per. Imp. Dih.          LJ-14
    7.60788e+01    1.80449e+02    2.05851e+02    7.13433e+00    9.67537e+01
     Coulomb-14        LJ (SR)  Disper. corr.   Coulomb (SR)   Coul. recip.
    7.98309e+02    1.51119e+04   -6.36204e+02   -9.45539e+04    4.29716e+02
 Position Rest.      Potential    Kinetic En.   Total Energy  Conserved En.
    2.67354e+01   -7.82572e+04    1.27955e+04   -6.54617e+04   -6.41824e+04
    Temperature Pres. DC (bar) Pressure (bar)   Constr. rmsd
    3.00048e+02   -2.06469e+02   -4.30926e+00    4.40044e-06


DD  step 1999  vol min/aver 0.635  load imb.: force 10.3%  pme mesh/force 0.481
           Step           Time
           2000        4.00000

   Energies (kJ/mol)
           Bond          Angle    Proper Dih. Per. Imp. Dih.          LJ-14
    5.69421e+01    2.01848e+02    2.08528e+02    8.92483e+00    1.01551e+02
     Coulomb-14        LJ (SR)  Disper. corr.   Coulomb (SR)   Coul. recip.
    8.03376e+02    1.47858e+04   -6.38424e+02   -9.41676e+04    4.18544e+02
 Position Rest.      Potential    Kinetic En.   Total Energy  Conserved En.
    2.48462e+01   -7.81957e+04    1.28646e+04   -6.53311e+04   -6.41654e+04
    Temperature Pres. DC (bar) Pressure (bar)   Constr. rmsd
    3.01667e+02   -2.07911e+02   -3.17974e+02    2.39296e-06


DD  load balancing is limited by minimum cell size in dimension Y
DD  step 2499  vol min/aver 0.687! load imb.: force 13.6%  pme mesh/force 0.545
           Step           Time
           2500        5.00000

   Energies (kJ/mol)
           Bond          Angle    Proper Dih. Per. Imp. Dih.          LJ-14
    6.27187e+01    2.07793e+02    1.86059e+02    5.01232e+00    1.02382e+02
     Coulomb-14        LJ (SR)  Disper. corr.   Coulomb (SR)   Coul. recip.
    7.60738e+02    1.57295e+04   -6.40373e+02   -9.54094e+04    4.54077e+02
 Position Rest.      Potential    Kinetic En.   Total Energy  Conserved En.
    3.48745e+01   -7.85067e+04    1.26236e+04   -6.58831e+04   -6.42013e+04
    Temperature Pres. DC (bar) Pressure (bar)   Constr. rmsd
    2.96016e+02   -2.09181e+02    4.66122e+02    3.38559e-06


DD  load balancing is limited by minimum cell size in dimension Y
DD  step 2999  vol min/aver 0.671! load imb.: force 12.0%  pme mesh/force 0.547
           Step           Time
           3000        6.00000

   Energies (kJ/mol)
           Bond          Angle    Proper Dih. Per. Imp. Dih.          LJ-14
    5.51203e+01    1.88284e+02    1.93004e+02    4.96042e+00    8.58867e+01
     Coulomb-14        LJ (SR)  Disper. corr.   Coulomb (SR)   Coul. recip.
    7.77944e+02    1.55971e+04   -6.42102e+02   -9.54183e+04    3.96401e+02
 Position Rest.      Potential    Kinetic En.   Total Energy  Conserved En.
    2.32123e+01   -7.87385e+04    1.27791e+04   -6.59594e+04   -6.42215e+04
    Temperature Pres. DC (bar) Pressure (bar)   Constr. rmsd
    2.99663e+02   -2.10310e+02    1.95939e+02    2.68448e-06


DD  load balancing is limited by minimum cell size in dimension Y
DD  step 3499  vol min/aver 0.670! load imb.: force  5.8%  pme mesh/force 0.561
           Step           Time
           3500        7.00000

   Energies (kJ/mol)
           Bond          Angle    Proper Dih. Per. Imp. Dih.          LJ-14
    5.74688e+01    2.01494e+02    1.89030e+02    8.62809e+00    1.01363e+02
     Coulomb-14        LJ (SR)  Disper. corr.   Coulomb (SR)   Coul. recip.
    7.81985e+02    1.51835e+04   -6.38692e+02   -9.47360e+04    4.28072e+02
 Position Rest.      Potential    Kinetic En.   Total Energy  Conserved En.
    4.14557e+01   -7.83817e+04    1.29360e+04   -6.54457e+04   -6.41998e+04
    Temperature Pres. DC (bar) Pressure (bar)   Constr. rmsd
    3.03342e+02   -2.08085e+02    2.29987e+01    3.50064e-06


DD  step 3999  vol min/aver 0.684  load imb.: force 11.5%  pme mesh/force 0.541
           Step           Time
           4000        8.00000

   Energies (kJ/mol)
           Bond          Angle    Proper Dih. Per. Imp. Dih.          LJ-14
    1.04791e+02    1.78215e+02    1.95770e+02    1.05249e+01    9.79439e+01
     Coulomb-14        LJ (SR)  Disper. corr.   Coulomb (SR)   Coul. recip.
    8.30804e+02    1.46983e+04   -6.37358e+02   -9.42612e+04    4.28104e+02
 Position Rest.      Potential    Kinetic En.   Total Energy  Conserved En.
    3.24461e+01   -7.83217e+04    1.30001e+04   -6.53216e+04   -6.42109e+04
    Temperature Pres. DC (bar) Pressure (bar)   Constr. rmsd
    3.04846e+02   -2.07218e+02   -5.80351e+02    1.83871e-06


DD  load balancing is limited by minimum cell size in dimension Y
DD  step 4499  vol min/aver 0.655! load imb.: force 10.8%  pme mesh/force 0.579
           Step           Time
           4500        9.00000

   Energies (kJ/mol)
           Bond          Angle    Proper Dih. Per. Imp. Dih.          LJ-14
    7.26367e+01    1.84170e+02    2.00762e+02    8.08731e+00    1.04785e+02
     Coulomb-14        LJ (SR)  Disper. corr.   Coulomb (SR)   Coul. recip.
    7.94821e+02    1.50812e+04   -6.34963e+02   -9.42852e+04    4.37923e+02
 Position Rest.      Potential    Kinetic En.   Total Energy  Conserved En.
    3.39803e+01   -7.80018e+04    1.30189e+04   -6.49828e+04   -6.41980e+04
    Temperature Pres. DC (bar) Pressure (bar)   Constr. rmsd
    3.05287e+02   -2.05665e+02   -1.19303e+02    4.45911e-06


DD  load balancing is limited by minimum cell size in dimension Y
DD  step 4999  vol min/aver 0.707! load imb.: force  8.5%  pme mesh/force 0.583
           Step           Time
           5000       10.00000

   Energies (kJ/mol)
           Bond          Angle    Proper Dih. Per. Imp. Dih.          LJ-14
    7.48736e+01    1.73901e+02    2.24704e+02    1.44809e+01    9.70812e+01
     Coulomb-14        LJ (SR)  Disper. corr.   Coulomb (SR)   Coul. recip.
    8.22105e+02    1.55673e+04   -6.44421e+02   -9.52572e+04    4.04439e+02
 Position Rest.      Potential    Kinetic En.   Total Energy  Conserved En.
    2.48907e+01   -7.84979e+04    1.28932e+04   -6.56047e+04   -6.42017e+04
    Temperature Pres. DC (bar) Pressure (bar)   Constr. rmsd
    3.02340e+02   -2.11830e+02    4.61692e+02    1.96984e-06


DD  load balancing is limited by minimum cell size in dimension Y
DD  step 5499  vol min/aver 0.702! load imb.: force  8.9%  pme mesh/force 0.602
           Step           Time
           5500       11.00000

   Energies (kJ/mol)
           Bond          Angle    Proper Dih. Per. Imp. Dih.          LJ-14
    6.62034e+01    1.93003e+02    1.89322e+02    6.37419e+00    1.05420e+02
     Coulomb-14        LJ (SR)  Disper. corr.   Coulomb (SR)   Coul. recip.
    8.06180e+02    1.51105e+04   -6.42048e+02   -9.44459e+04    4.17650e+02
 Position Rest.      Potential    Kinetic En.   Total Energy  Conserved En.
    3.10112e+01   -7.81623e+04    1.29079e+04   -6.52544e+04   -6.41897e+04
    Temperature Pres. DC (bar) Pressure (bar)   Constr. rmsd
    3.02683e+02   -2.10274e+02    2.97580e+02    2.23239e-06


DD  step 5999  vol min/aver 0.630  load imb.: force 15.7%  pme mesh/force 0.561
           Step           Time
           6000       12.00000

   Energies (kJ/mol)
           Bond          Angle    Proper Dih. Per. Imp. Dih.          LJ-14
    5.44380e+01    1.90258e+02    2.07633e+02    1.72824e+01    1.03820e+02
     Coulomb-14        LJ (SR)  Disper. corr.   Coulomb (SR)   Coul. recip.
    8.25116e+02    1.57099e+04   -6.44647e+02   -9.51688e+04    4.24692e+02
 Position Rest.      Potential    Kinetic En.   Total Energy  Conserved En.
    4.50687e+01   -7.82352e+04    1.29845e+04   -6.52506e+04   -6.42321e+04
    Temperature Pres. DC (bar) Pressure (bar)   Constr. rmsd
    3.04481e+02   -2.11979e+02    9.07264e+02    3.60481e-06


DD  load balancing is limited by minimum cell size in dimension Y
DD  step 6499  vol min/aver 0.724! load imb.: force  8.7%  pme mesh/force 0.584
           Step           Time
           6500       13.00000

   Energies (kJ/mol)
           Bond          Angle    Proper Dih. Per. Imp. Dih.          LJ-14
    6.26584e+01    2.15640e+02    1.81663e+02    6.44794e+00    9.82616e+01
     Coulomb-14        LJ (SR)  Disper. corr.   Coulomb (SR)   Coul. recip.
    8.20398e+02    1.49165e+04   -6.43863e+02   -9.42084e+04    4.19698e+02
 Position Rest.      Potential    Kinetic En.   Total Energy  Conserved En.
    3.28670e+01   -7.80982e+04    1.26277e+04   -6.54705e+04   -6.42274e+04
    Temperature Pres. DC (bar) Pressure (bar)   Constr. rmsd
    2.96113e+02   -2.11464e+02    4.60075e+01    2.49176e-06


DD  load balancing is limited by minimum cell size in dimension Y
DD  step 6999  vol min/aver 0.707! load imb.: force  6.3%  pme mesh/force 0.624
           Step           Time
           7000       14.00000

   Energies (kJ/mol)
           Bond          Angle    Proper Dih. Per. Imp. Dih.          LJ-14
    6.46982e+01    1.75185e+02    1.93906e+02    4.14603e+00    1.13200e+02
     Coulomb-14        LJ (SR)  Disper. corr.   Coulomb (SR)   Coul. recip.
    8.20965e+02    1.49483e+04   -6.40599e+02   -9.43850e+04    4.36344e+02
 Position Rest.      Potential    Kinetic En.   Total Energy  Conserved En.
    3.67363e+01   -7.82321e+04    1.29955e+04   -6.52366e+04   -6.42376e+04
    Temperature Pres. DC (bar) Pressure (bar)   Constr. rmsd
    3.04738e+02   -2.09328e+02   -8.98814e+01    2.34113e-06


DD  step 7499  vol min/aver 0.707  load imb.: force 14.3%  pme mesh/force 0.531
           Step           Time
           7500       15.00000

   Energies (kJ/mol)
           Bond          Angle    Proper Dih. Per. Imp. Dih.          LJ-14
    4.23826e+01    2.12138e+02    1.91618e+02    1.14699e+01    1.09696e+02
     Coulomb-14        LJ (SR)  Disper. corr.   Coulomb (SR)   Coul. recip.
    7.95219e+02    1.47930e+04   -6.39656e+02   -9.38894e+04    4.50447e+02
 Position Rest.      Potential    Kinetic En.   Total Energy  Conserved En.
    2.24269e+01   -7.79007e+04    1.31604e+04   -6.47403e+04   -6.42267e+04
    Temperature Pres. DC (bar) Pressure (bar)   Constr. rmsd
    3.08604e+02   -2.08713e+02   -1.22704e+02    3.32163e-06


DD  load balancing is limited by minimum cell size in dimension Y
DD  step 7999  vol min/aver 0.670! load imb.: force  8.5%  pme mesh/force 0.572
           Step           Time
           8000       16.00000

   Energies (kJ/mol)
           Bond          Angle    Proper Dih. Per. Imp. Dih.          LJ-14
    8.21989e+01    2.02088e+02    1.85617e+02    4.37877e+00    8.99592e+01
     Coulomb-14        LJ (SR)  Disper. corr.   Coulomb (SR)   Coul. recip.
    8.21477e+02    1.53925e+04   -6.39654e+02   -9.47448e+04    4.13281e+02
 Position Rest.      Potential    Kinetic En.   Total Energy  Conserved En.
    3.39826e+01   -7.81590e+04    1.27126e+04   -6.54464e+04   -6.42351e+04
    Temperature Pres. DC (bar) Pressure (bar)   Constr. rmsd
    2.98104e+02   -2.08712e+02    7.97734e+01    3.23295e-06


DD  step 8499  vol min/aver 0.691  load imb.: force  6.4%  pme mesh/force 0.510
           Step           Time
           8500       17.00000

   Energies (kJ/mol)
           Bond          Angle    Proper Dih. Per. Imp. Dih.          LJ-14
    6.79727e+01    1.61568e+02    1.84892e+02    7.03825e+00    8.82319e+01
     Coulomb-14        LJ (SR)  Disper. corr.   Coulomb (SR)   Coul. recip.
    7.87548e+02    1.53175e+04   -6.40549e+02   -9.49494e+04    4.15993e+02
 Position Rest.      Potential    Kinetic En.   Total Energy  Conserved En.
    2.72602e+01   -7.85319e+04    1.29441e+04   -6.55879e+04   -6.42310e+04
    Temperature Pres. DC (bar) Pressure (bar)   Constr. rmsd
    3.03532e+02   -2.09295e+02    1.19231e+02    1.89428e-06


DD  load balancing is limited by minimum cell size in dimension Y
DD  step 8999  vol min/aver 0.682! load imb.: force  7.7%  pme mesh/force 0.545
           Step           Time
           9000       18.00000

   Energies (kJ/mol)
           Bond          Angle    Proper Dih. Per. Imp. Dih.          LJ-14
    7.08638e+01    2.10351e+02    1.95385e+02    9.18565e+00    9.53965e+01
     Coulomb-14        LJ (SR)  Disper. corr.   Coulomb (SR)   Coul. recip.
    7.67088e+02    1.48024e+04   -6.44870e+02   -9.39882e+04    3.97188e+02
 Position Rest.      Potential    Kinetic En.   Total Energy  Conserved En.
    2.74090e+01   -7.80578e+04    1.29008e+04   -6.51570e+04   -6.42301e+04
    Temperature Pres. DC (bar) Pressure (bar)   Constr. rmsd
    3.02518e+02   -2.12125e+02   -1.25338e+02    3.91793e-06


DD  load balancing is limited by minimum cell size in dimension Y
DD  step 9499  vol min/aver 0.707! load imb.: force  6.0%  pme mesh/force 0.538
           Step           Time
           9500       19.00000

   Energies (kJ/mol)
           Bond          Angle    Proper Dih. Per. Imp. Dih.          LJ-14
    5.33051e+01    1.99800e+02    1.83983e+02    4.33517e+00    1.15133e+02
     Coulomb-14        LJ (SR)  Disper. corr.   Coulomb (SR)   Coul. recip.
    8.13585e+02    1.50405e+04   -6.37483e+02   -9.44163e+04    3.89446e+02
 Position Rest.      Potential    Kinetic En.   Total Energy  Conserved En.
    2.47422e+01   -7.82289e+04    1.28034e+04   -6.54255e+04   -6.42545e+04
    Temperature Pres. DC (bar) Pressure (bar)   Constr. rmsd
    3.00233e+02   -2.07299e+02   -4.93172e+01    2.84689e-06


DD  load balancing is limited by minimum cell size in dimension Y
DD  step 9999  vol min/aver 0.711! load imb.: force  5.6%  pme mesh/force 0.562
           Step           Time
          10000       20.00000

Writing checkpoint, step 10000 at Fri Jul 24 11:07:05 2026


   Energies (kJ/mol)
           Bond          Angle    Proper Dih. Per. Imp. Dih.          LJ-14
    5.31018e+01    2.07459e+02    1.92815e+02    8.94965e+00    1.09331e+02
     Coulomb-14        LJ (SR)  Disper. corr.   Coulomb (SR)   Coul. recip.
    7.85838e+02    1.53270e+04   -6.40082e+02   -9.52106e+04    4.29438e+02
 Position Rest.      Potential    Kinetic En.   Total Energy  Conserved En.
    3.81097e+01   -7.86987e+04    1.26307e+04   -6.60680e+04   -6.42504e+04
    Temperature Pres. DC (bar) Pressure (bar)   Constr. rmsd
    2.96183e+02   -2.08990e+02    2.84794e+02    2.08820e-06


Energy conservation over simulation part #1 of length 20 ps, time 0 to 20 ps
  Conserved energy drift: -1.40e-03 kJ/mol/ps per atom


	<======  ###############  ==>
	<====  A V E R A G E S  ====>
	<==  ###############  ======>

	Statistics over 10001 steps using 101 frames

   Energies (kJ/mol)
           Bond          Angle    Proper Dih. Per. Imp. Dih.          LJ-14
    6.56081e+01    1.86928e+02    1.95761e+02    8.27436e+00    9.92630e+01
     Coulomb-14        LJ (SR)  Disper. corr.   Coulomb (SR)   Coul. recip.
    8.03732e+02    1.51385e+04   -6.38123e+02   -9.45354e+04    4.15042e+02
 Position Rest.      Potential    Kinetic En.   Total Energy  Conserved En.
    2.81302e+01   -7.82323e+04    1.27962e+04   -6.54361e+04   -6.42030e+04
    Temperature Pres. DC (bar) Pressure (bar)   Constr. rmsd
    3.00064e+02   -2.07758e+02    2.74714e+01    0.00000e+00

          Box-X          Box-Y          Box-Z
    3.71041e+00    3.71041e+00    3.71041e+00

   Total Virial (kJ/mol)
    4.16871e+03   -1.06791e+02    1.07718e+01
   -1.06847e+02    4.26874e+03   -1.70508e+01
    1.08156e+01   -1.69179e+01    4.24297e+03

   Pressure (bar)
    6.14755e+01    7.62946e+01   -1.08040e+00
    7.63310e+01    8.07641e+00    6.66303e+00
   -1.10912e+00    6.57684e+00    1.28624e+01

      T-Protein  T-non-Protein
    2.98938e+02    3.00093e+02


	M E G A - F L O P S   A C C O U N T I N G

 NB=Group-cutoff nonbonded kernels    NxN=N-by-N cluster Verlet kernels
 RF=Reaction-Field  VdW=Van der Waals  QSTab=quadratic-spline table
 W3=SPC/TIP3p  W4=TIP4p (single or pairs)
 V&F=Potential and force  V=Potential only  F=Force only

 Computing:                               M-Number         M-Flops  % Flops
-----------------------------------------------------------------------------
 Pair Search distance check             486.025308        4374.228     0.2
 NxN Ewald Elec. + LJ [F]             16862.381776     1112917.197    50.2
 NxN Ewald Elec. + LJ [V&F]             172.219312       18427.466     0.8
 NxN Ewald Elec. [F]                  15348.068944      936232.206    42.2
 NxN Ewald Elec. [V&F]                  156.561360       13151.154     0.6
 1,4 nonbonded interactions               2.600260         234.023     0.0
 Calc Weights                           153.225321        5516.112     0.2
 Spread Q Bspline                      3268.806848        6537.614     0.3
 Gather F Bspline                      3268.806848       19612.841     0.9
 3D-FFT                                9831.363038       78650.904     3.5
 Solve PME                              174.097408       11142.234     0.5
 Reset In Box                             1.021400           3.064     0.0
 CG-CoM                                   1.026507           3.080     0.0
 Bonds                                    0.470047          27.733     0.0
 Angles                                   1.870187         314.191     0.0
 Propers                                  2.730273         625.233     0.0
 Impropers                                0.180018          37.444     0.0
 Pos. Restr.                              0.470047          23.502     0.0
 Virial                                  30.941187         556.941     0.0
 Stop-CM                                  0.515807           5.158     0.0
 Calc-Ekin                               51.080214        1379.166     0.1
 Lincs                                    0.560056          33.603     0.0
 Lincs-Mat                                3.960396          15.842     0.0
 Constraint-V                            51.165116         460.486     0.0
 Constraint-Vir                          25.305060         607.321     0.0
 Settle                                  16.681668        6172.217     0.3
-----------------------------------------------------------------------------
 Total                                                 2217060.961   100.0
-----------------------------------------------------------------------------


    D O M A I N   D E C O M P O S I T I O N   S T A T I S T I C S

 av. #atoms communicated per step for force:  2 x 27342.7


Dynamic load balancing report:
 DLB was turned on during the run due to measured imbalance.
 Average load imbalance: 10.6%.
 The balanceable part of the MD step is 68%, load imbalance is computed from this.
 Part of the total run time spent waiting due to load imbalance: 7.2%.
 Steps where the load balancing was limited by -rdd, -rcon and/or -dds: X 0 % Y 1 %
 Average PME mesh/force load: 0.542
 Part of the total run time spent waiting due to PP/PME imbalance: 9.7 %

NOTE: 7.2 % of the available CPU time was lost due to load imbalance
      in the domain decomposition.
      You can consider manually changing the decomposition (option -dd);
      e.g. by using fewer domains along the box dimension in which there is
      considerable inhomogeneity in the simulated system.
NOTE: 9.7 % performance was lost because the PME ranks
      had less work to do than the PP ranks.
      You might want to decrease the number of PME ranks
      or decrease the cut-off and the grid spacing.


      R E A L   C Y C L E   A N D   T I M E   A C C O U N T I N G

On 24 MPI ranks doing PP, and
on 8 MPI ranks doing PME

 Activity:              Num   Num      Call    Wall time         Giga-Cycles
                        Ranks Threads  Count      (s)         total sum    %
--------------------------------------------------------------------------------
 Domain decomp.           24    1        200       0.035          2.680   1.0
 DD comm. load            24    1        199       0.001          0.048   0.0
 DD comm. bounds          24    1        198       0.002          0.126   0.0
 Send X to PME            24    1      10001       0.028          2.125   0.8
 Neighbor search          24    1        201       0.053          4.054   1.5
 Comm. coord.             24    1       9800       0.156         11.900   4.5
 Force                    24    1      10001       1.565        119.711  44.8
 Wait + Comm. F           24    1      10001       0.543         41.507  15.5
 PME mesh *                8    1      10001       1.168         29.784  11.1
 PME wait for PP *                                 1.452         37.025  13.9
 Wait + Recv. PME F       24    1      10001       0.023          1.754   0.7
 NB X/F buffer ops.       24    1      29802       0.044          3.353   1.3
 Write traj.              24    1         21       0.003          0.224   0.1
 Update                   24    1      10001       0.008          0.634   0.2
 Constraints              24    1      10001       0.019          1.439   0.5
 Kinetic energy           24    1      10001       0.011          0.809   0.3
 Comm. energies           24    1       5001       0.109          8.334   3.1
 Rest                                              0.023          1.726   0.6
--------------------------------------------------------------------------------
 Total                                             2.620        267.233 100.0
--------------------------------------------------------------------------------
(*) Note that with separate PME ranks, the walltime column actually sums to
    twice the total reported, but the cycle count total and % are correct.
--------------------------------------------------------------------------------
 Breakdown of PME mesh activities
--------------------------------------------------------------------------------
 PME redist. X/F           8    1      20002       0.259          6.600   2.5
 PME spread                8    1      10001       0.269          6.851   2.6
 PME gather                8    1      10001       0.232          5.905   2.2
 PME 3D-FFT                8    1      20002       0.233          5.932   2.2
 PME 3D-FFT Comm.          8    1      40004       0.079          2.009   0.8
 PME solve Elec            8    1      10001       0.094          2.403   0.9
--------------------------------------------------------------------------------
 Note that the cycle count and % columns are weighted by the number of ranks,
 while walltimes are not. Hence, with separate PME ranks, the fraction of each
 activity's walltime does not correspond to the cycle %.
--------------------------------------------------------------------------------

               Core t (s)   Wall t (s)        (%)
       Time:       83.847        2.620     3199.7
                 (ns/day)    (hour/ns)
Performance:      659.492        0.036
Finished mdrun on rank 0 Fri Jul 24 11:07:05 2026

